../Core/Src/main.c:147:5:main	8	static
../Core/Src/main.c:264:6:SystemClock_Config	176	static
../Core/Src/main.c:329:13:MX_ADC1_Init	24	static
../Core/Src/main.c:379:13:MX_DAC_Init	16	static
../Core/Src/main.c:417:13:MX_DFSDM1_Init	8	static
../Core/Src/main.c:455:13:MX_DFSDM2_Init	8	static
../Core/Src/main.c:510:13:MX_FMPI2C1_Init	8	static
../Core/Src/main.c:550:13:MX_I2C2_Init	8	static
../Core/Src/main.c:584:13:MX_I2S2_Init	8	static
../Core/Src/main.c:618:13:MX_QUADSPI_Init	8	static
../Core/Src/main.c:653:13:MX_SDIO_SD_Init	8	static
../Core/Src/main.c:685:13:MX_UART10_Init	8	static
../Core/Src/main.c:718:13:MX_USART6_UART_Init	8	static
../Core/Src/main.c:751:13:MX_GPIO_Init	64	static
../Core/Src/main.c:898:13:MX_FSMC_Init	40	static
../Core/Src/main.c:997:6:StartDefaultTask	16	static
../Core/Src/main.c:1033:6:StartMountUSB	16	static
../Core/Src/main.c:1051:6:StartReadUSB	16	static
../Core/Src/main.c:1070:6:HAL_TIM_PeriodElapsedCallback	16	static
../Core/Src/main.c:1087:6:Error_Handler	4	static
