../Core/Src/main.c:102:5:main	8	static
../Core/Src/main.c:198:6:SystemClock_Config	176	static
../Core/Src/main.c:263:13:MX_ADC1_Init	24	static
../Core/Src/main.c:313:13:MX_DAC_Init	16	static
../Core/Src/main.c:351:13:MX_DFSDM1_Init	8	static
../Core/Src/main.c:389:13:MX_DFSDM2_Init	8	static
../Core/Src/main.c:444:13:MX_FMPI2C1_Init	8	static
../Core/Src/main.c:484:13:MX_I2C2_Init	8	static
../Core/Src/main.c:518:13:MX_I2S2_Init	8	static
../Core/Src/main.c:552:13:MX_QUADSPI_Init	8	static
../Core/Src/main.c:587:13:MX_SDIO_SD_Init	8	static
../Core/Src/main.c:623:13:MX_UART10_Init	8	static
../Core/Src/main.c:656:13:MX_USART6_UART_Init	8	static
../Core/Src/main.c:689:13:MX_GPIO_Init	64	static
../Core/Src/main.c:836:13:MX_FSMC_Init	40	static
../Core/Src/main.c:932:6:Error_Handler	4	static
