../Core/Src/stm32f4xx_hal_msp.c:64:6:HAL_MspInit	16	static
../Core/Src/stm32f4xx_hal_msp.c:91:6:HAL_ADC_MspInit	56	static
../Core/Src/stm32f4xx_hal_msp.c:140:6:HAL_ADC_MspDeInit	16	static
../Core/Src/stm32f4xx_hal_msp.c:176:6:HAL_DAC_MspInit	48	static
../Core/Src/stm32f4xx_hal_msp.c:212:6:HAL_DAC_MspDeInit	16	static
../Core/Src/stm32f4xx_hal_msp.c:244:6:HAL_DFSDM_ChannelMspInit	64	static
../Core/Src/stm32f4xx_hal_msp.c:331:6:HAL_DFSDM_ChannelMspDeInit	16	static
../Core/Src/stm32f4xx_hal_msp.c:393:6:HAL_FMPI2C_MspInit	48	static
../Core/Src/stm32f4xx_hal_msp.c:429:6:HAL_FMPI2C_MspDeInit	16	static
../Core/Src/stm32f4xx_hal_msp.c:458:6:HAL_I2C_MspInit	48	static
../Core/Src/stm32f4xx_hal_msp.c:494:6:HAL_I2C_MspDeInit	16	static
../Core/Src/stm32f4xx_hal_msp.c:525:6:HAL_I2S_MspInit	56	static
../Core/Src/stm32f4xx_hal_msp.c:595:6:HAL_I2S_MspDeInit	16	static
../Core/Src/stm32f4xx_hal_msp.c:633:6:HAL_QSPI_MspInit	64	static
../Core/Src/stm32f4xx_hal_msp.c:705:6:HAL_QSPI_MspDeInit	16	static
../Core/Src/stm32f4xx_hal_msp.c:746:6:HAL_SD_MspInit	48	static
../Core/Src/stm32f4xx_hal_msp.c:798:6:HAL_SD_MspDeInit	16	static
../Core/Src/stm32f4xx_hal_msp.c:836:6:HAL_UART_MspInit	56	static
../Core/Src/stm32f4xx_hal_msp.c:896:6:HAL_UART_MspDeInit	16	static
../Core/Src/stm32f4xx_hal_msp.c:939:13:HAL_FSMC_MspInit	32	static
../Core/Src/stm32f4xx_hal_msp.c:1034:6:HAL_SRAM_MspInit	16	static
../Core/Src/stm32f4xx_hal_msp.c:1046:13:HAL_FSMC_MspDeInit	8	static
../Core/Src/stm32f4xx_hal_msp.c:1119:6:HAL_SRAM_MspDeInit	16	static
