../Core/Src/stm32f4xx_hal_msp.c:64:6:HAL_MspInit	16	static
../Core/Src/stm32f4xx_hal_msp.c:91:6:HAL_ADC_MspInit	56	static
../Core/Src/stm32f4xx_hal_msp.c:141:6:HAL_ADC_MspDeInit	16	static
../Core/Src/stm32f4xx_hal_msp.c:178:6:HAL_DAC_MspInit	48	static
../Core/Src/stm32f4xx_hal_msp.c:214:6:HAL_DAC_MspDeInit	16	static
../Core/Src/stm32f4xx_hal_msp.c:246:6:HAL_DFSDM_ChannelMspInit	64	static
../Core/Src/stm32f4xx_hal_msp.c:333:6:HAL_DFSDM_ChannelMspDeInit	16	static
../Core/Src/stm32f4xx_hal_msp.c:395:6:HAL_FMPI2C_MspInit	48	static
../Core/Src/stm32f4xx_hal_msp.c:431:6:HAL_FMPI2C_MspDeInit	16	static
../Core/Src/stm32f4xx_hal_msp.c:460:6:HAL_I2C_MspInit	48	static
../Core/Src/stm32f4xx_hal_msp.c:496:6:HAL_I2C_MspDeInit	16	static
../Core/Src/stm32f4xx_hal_msp.c:527:6:HAL_I2S_MspInit	56	static
../Core/Src/stm32f4xx_hal_msp.c:597:6:HAL_I2S_MspDeInit	16	static
../Core/Src/stm32f4xx_hal_msp.c:635:6:HAL_QSPI_MspInit	64	static
../Core/Src/stm32f4xx_hal_msp.c:707:6:HAL_QSPI_MspDeInit	16	static
../Core/Src/stm32f4xx_hal_msp.c:748:6:HAL_SD_MspInit	48	static
../Core/Src/stm32f4xx_hal_msp.c:800:6:HAL_SD_MspDeInit	16	static
../Core/Src/stm32f4xx_hal_msp.c:838:6:HAL_UART_MspInit	56	static
../Core/Src/stm32f4xx_hal_msp.c:898:6:HAL_UART_MspDeInit	16	static
../Core/Src/stm32f4xx_hal_msp.c:941:13:HAL_FSMC_MspInit	32	static
../Core/Src/stm32f4xx_hal_msp.c:1036:6:HAL_SRAM_MspInit	16	static
../Core/Src/stm32f4xx_hal_msp.c:1048:13:HAL_FSMC_MspDeInit	8	static
../Core/Src/stm32f4xx_hal_msp.c:1121:6:HAL_SRAM_MspDeInit	16	static
