../FATFS/Target/bsp_driver_sd.c:47:16:BSP_SD_Init	16	static
../FATFS/Target/bsp_driver_sd.c:69:16:BSP_SD_ITConfig	4	static
../FATFS/Target/bsp_driver_sd.c:78:13:BSP_SD_DetectIT	4	static
../FATFS/Target/bsp_driver_sd.c:95:16:BSP_SD_ReadBlocks	40	static
../FATFS/Target/bsp_driver_sd.c:118:16:BSP_SD_WriteBlocks	40	static
../FATFS/Target/bsp_driver_sd.c:140:16:BSP_SD_ReadBlocks_DMA	32	static
../FATFS/Target/bsp_driver_sd.c:163:16:BSP_SD_WriteBlocks_DMA	32	static
../FATFS/Target/bsp_driver_sd.c:185:16:BSP_SD_Erase	24	static
../FATFS/Target/bsp_driver_sd.c:205:16:BSP_SD_GetCardState	8	static
../FATFS/Target/bsp_driver_sd.c:215:13:BSP_SD_GetCardInfo	16	static
../FATFS/Target/bsp_driver_sd.c:228:13:BSP_SD_AbortCallback	4	static
../FATFS/Target/bsp_driver_sd.c:238:13:BSP_SD_WriteCpltCallback	4	static
../FATFS/Target/bsp_driver_sd.c:248:13:BSP_SD_ReadCpltCallback	4	static
../FATFS/Target/bsp_driver_sd.c:260:16:BSP_SD_IsDetected	16	static
